  Determining projects to restore...
  All projects are up-to-date for restore.
  AIResumeAnalyzer.Domain -> C:\Users\user\Desktop\AI RESUME ANALYSER\src\Backend\AIResumeAnalyzer.Domain\bin\Debug\net8.0\AIResumeAnalyzer.Domain.dll
  AIResumeAnalyzer.Application -> C:\Users\user\Desktop\AI RESUME ANALYSER\src\Backend\AIResumeAnalyzer.Application\bin\Debug\net8.0\AIResumeAnalyzer.Application.dll
  AIResumeAnalyzer.ML -> C:\Users\user\Desktop\AI RESUME ANALYSER\src\Backend\AIResumeAnalyzer.ML\bin\Debug\net8.0\AIResumeAnalyzer.ML.dll
  AIResumeAnalyzer.Infrastructure -> C:\Users\user\Desktop\AI RESUME ANALYSER\src\Backend\AIResumeAnalyzer.Infrastructure\bin\Debug\net8.0\AIResumeAnalyzer.Infrastructure.dll
  AIResumeAnalyzer.Api -> C:\Users\user\Desktop\AI RESUME ANALYSER\src\Backend\AIResumeAnalyzer.Api\bin\Debug\net8.0\AIResumeAnalyzer.Api.dll

Build succeeded.
    0 Warning(s)
    0 Error(s)

Time Elapsed 00:00:01.71
