  Determining projects to restore...
  All projects are up-to-date for restore.
  AIResumeAnalyzer.Domain -> C:\Users\user\Desktop\AI RESUME ANALYSER\src\Backend\AIResumeAnalyzer.Domain\bin\Debug\net8.0\AIResumeAnalyzer.Domain.dll
  AIResumeAnalyzer.ML -> C:\Users\user\Desktop\AI RESUME ANALYSER\src\Backend\AIResumeAnalyzer.ML\bin\Debug\net8.0\AIResumeAnalyzer.ML.dll
  AIResumeAnalyzer.Application -> C:\Users\user\Desktop\AI RESUME ANALYSER\src\Backend\AIResumeAnalyzer.Application\bin\Debug\net8.0\AIResumeAnalyzer.Application.dll
  AIResumeAnalyzer.Infrastructure -> C:\Users\user\Desktop\AI RESUME ANALYSER\src\Backend\AIResumeAnalyzer.Infrastructure\bin\Debug\net8.0\AIResumeAnalyzer.Infrastructure.dll
C:\Program Files\dotnet\sdk\9.0.101\Microsoft.Common.CurrentVersion.targets(5035,5): warning MSB3026: Could not copy "C:\Users\user\Desktop\AI RESUME ANALYSER\src\Backend\AIResumeAnalyzer.Infrastructure\bin\Debug\net8.0\AIResumeAnalyzer.Infrastructure.dll" to "bin\Debug\net8.0\AIResumeAnalyzer.Infrastructure.dll". Beginning retry 1 in 1000ms. The process cannot access the file 'C:\Users\user\Desktop\AI RESUME ANALYSER\src\Backend\AIResumeAnalyzer.Api\bin\Debug\net8.0\AIResumeAnalyzer.Infrastructure.dll' because it is being used by another process. The file is locked by: "AIResumeAnalyzer.Api (12752)" [C:\Users\user\Desktop\AI RESUME ANALYSER\src\Backend\AIResumeAnalyzer.Api\AIResumeAnalyzer.Api.csproj]
C:\Program Files\dotnet\sdk\9.0.101\Microsoft.Common.CurrentVersion.targets(5035,5): warning MSB3026: Could not copy "C:\Users\user\Desktop\AI RESUME ANALYSER\src\Backend\AIResumeAnalyzer.Application\bin\Debug\net8.0\AIResumeAnalyzer.Application.dll" to "bin\Debug\net8.0\AIResumeAnalyzer.Application.dll". Beginning retry 1 in 1000ms. The process cannot access the file 'C:\Users\user\Desktop\AI RESUME ANALYSER\src\Backend\AIResumeAnalyzer.Api\bin\Debug\net8.0\AIResumeAnalyzer.Application.dll' because it is being used by another process. The file is locked by: "AIResumeAnalyzer.Api (12752)" [C:\Users\user\Desktop\AI RESUME ANALYSER\src\Backend\AIResumeAnalyzer.Api\AIResumeAnalyzer.Api.csproj]
C:\Program Files\dotnet\sdk\9.0.101\Microsoft.Common.CurrentVersion.targets(5035,5): warning MSB3026: Could not copy "C:\Users\user\Desktop\AI RESUME ANALYSER\src\Backend\AIResumeAnalyzer.Application\bin\Debug\net8.0\AIResumeAnalyzer.Application.dll" to "bin\Debug\net8.0\AIResumeAnalyzer.Application.dll". Beginning retry 2 in 1000ms. The process cannot access the file 'C:\Users\user\Desktop\AI RESUME ANALYSER\src\Backend\AIResumeAnalyzer.Api\bin\Debug\net8.0\AIResumeAnalyzer.Application.dll' because it is being used by another process. The file is locked by: "AIResumeAnalyzer.Api (12752)" [C:\Users\user\Desktop\AI RESUME ANALYSER\src\Backend\AIResumeAnalyzer.Api\AIResumeAnalyzer.Api.csproj]
C:\Program Files\dotnet\sdk\9.0.101\Microsoft.Common.CurrentVersion.targets(5035,5): warning MSB3026: Could not copy "C:\Users\user\Desktop\AI RESUME ANALYSER\src\Backend\AIResumeAnalyzer.Infrastructure\bin\Debug\net8.0\AIResumeAnalyzer.Infrastructure.dll" to "bin\Debug\net8.0\AIResumeAnalyzer.Infrastructure.dll". Beginning retry 2 in 1000ms. The process cannot access the file 'C:\Users\user\Desktop\AI RESUME ANALYSER\src\Backend\AIResumeAnalyzer.Api\bin\Debug\net8.0\AIResumeAnalyzer.Infrastructure.dll' because it is being used by another process. The file is locked by: "AIResumeAnalyzer.Api (12752)" [C:\Users\user\Desktop\AI RESUME ANALYSER\src\Backend\AIResumeAnalyzer.Api\AIResumeAnalyzer.Api.csproj]
C:\Program Files\dotnet\sdk\9.0.101\Microsoft.Common.CurrentVersion.targets(5035,5): warning MSB3026: Could not copy "C:\Users\user\Desktop\AI RESUME ANALYSER\src\Backend\AIResumeAnalyzer.Infrastructure\bin\Debug\net8.0\AIResumeAnalyzer.Infrastructure.dll" to "bin\Debug\net8.0\AIResumeAnalyzer.Infrastructure.dll". Beginning retry 3 in 1000ms. The process cannot access the file 'C:\Users\user\Desktop\AI RESUME ANALYSER\src\Backend\AIResumeAnalyzer.Api\bin\Debug\net8.0\AIResumeAnalyzer.Infrastructure.dll' because it is being used by another process. The file is locked by: "AIResumeAnalyzer.Api (12752)" [C:\Users\user\Desktop\AI RESUME ANALYSER\src\Backend\AIResumeAnalyzer.Api\AIResumeAnalyzer.Api.csproj]
C:\Program Files\dotnet\sdk\9.0.101\Microsoft.Common.CurrentVersion.targets(5035,5): warning MSB3026: Could not copy "C:\Users\user\Desktop\AI RESUME ANALYSER\src\Backend\AIResumeAnalyzer.Application\bin\Debug\net8.0\AIResumeAnalyzer.Application.dll" to "bin\Debug\net8.0\AIResumeAnalyzer.Application.dll". Beginning retry 3 in 1000ms. The process cannot access the file 'C:\Users\user\Desktop\AI RESUME ANALYSER\src\Backend\AIResumeAnalyzer.Api\bin\Debug\net8.0\AIResumeAnalyzer.Application.dll' because it is being used by another process. The file is locked by: "AIResumeAnalyzer.Api (12752)" [C:\Users\user\Desktop\AI RESUME ANALYSER\src\Backend\AIResumeAnalyzer.Api\AIResumeAnalyzer.Api.csproj]
C:\Program Files\dotnet\sdk\9.0.101\Microsoft.Common.CurrentVersion.targets(5035,5): warning MSB3026: Could not copy "C:\Users\user\Desktop\AI RESUME ANALYSER\src\Backend\AIResumeAnalyzer.Application\bin\Debug\net8.0\AIResumeAnalyzer.Application.dll" to "bin\Debug\net8.0\AIResumeAnalyzer.Application.dll". Beginning retry 4 in 1000ms. The process cannot access the file 'C:\Users\user\Desktop\AI RESUME ANALYSER\src\Backend\AIResumeAnalyzer.Api\bin\Debug\net8.0\AIResumeAnalyzer.Application.dll' because it is being used by another process. The file is locked by: "AIResumeAnalyzer.Api (12752)" [C:\Users\user\Desktop\AI RESUME ANALYSER\src\Backend\AIResumeAnalyzer.Api\AIResumeAnalyzer.Api.csproj]
C:\Program Files\dotnet\sdk\9.0.101\Microsoft.Common.CurrentVersion.targets(5035,5): warning MSB3026: Could not copy "C:\Users\user\Desktop\AI RESUME ANALYSER\src\Backend\AIResumeAnalyzer.Infrastructure\bin\Debug\net8.0\AIResumeAnalyzer.Infrastructure.dll" to "bin\Debug\net8.0\AIResumeAnalyzer.Infrastructure.dll". Beginning retry 4 in 1000ms. The process cannot access the file 'C:\Users\user\Desktop\AI RESUME ANALYSER\src\Backend\AIResumeAnalyzer.Api\bin\Debug\net8.0\AIResumeAnalyzer.Infrastructure.dll' because it is being used by another process. The file is locked by: "AIResumeAnalyzer.Api (12752)" [C:\Users\user\Desktop\AI RESUME ANALYSER\src\Backend\AIResumeAnalyzer.Api\AIResumeAnalyzer.Api.csproj]
C:\Program Files\dotnet\sdk\9.0.101\Microsoft.Common.CurrentVersion.targets(5035,5): warning MSB3026: Could not copy "C:\Users\user\Desktop\AI RESUME ANALYSER\src\Backend\AIResumeAnalyzer.Application\bin\Debug\net8.0\AIResumeAnalyzer.Application.dll" to "bin\Debug\net8.0\AIResumeAnalyzer.Application.dll". Beginning retry 5 in 1000ms. The process cannot access the file 'C:\Users\user\Desktop\AI RESUME ANALYSER\src\Backend\AIResumeAnalyzer.Api\bin\Debug\net8.0\AIResumeAnalyzer.Application.dll' because it is being used by another process. The file is locked by: "AIResumeAnalyzer.Api (12752)" [C:\Users\user\Desktop\AI RESUME ANALYSER\src\Backend\AIResumeAnalyzer.Api\AIResumeAnalyzer.Api.csproj]
C:\Program Files\dotnet\sdk\9.0.101\Microsoft.Common.CurrentVersion.targets(5035,5): warning MSB3026: Could not copy "C:\Users\user\Desktop\AI RESUME ANALYSER\src\Backend\AIResumeAnalyzer.Infrastructure\bin\Debug\net8.0\AIResumeAnalyzer.Infrastructure.dll" to "bin\Debug\net8.0\AIResumeAnalyzer.Infrastructure.dll". Beginning retry 5 in 1000ms. The process cannot access the file 'C:\Users\user\Desktop\AI RESUME ANALYSER\src\Backend\AIResumeAnalyzer.Api\bin\Debug\net8.0\AIResumeAnalyzer.Infrastructure.dll' because it is being used by another process. The file is locked by: "AIResumeAnalyzer.Api (12752)" [C:\Users\user\Desktop\AI RESUME ANALYSER\src\Backend\AIResumeAnalyzer.Api\AIResumeAnalyzer.Api.csproj]
C:\Program Files\dotnet\sdk\9.0.101\Microsoft.Common.CurrentVersion.targets(5035,5): warning MSB3026: Could not copy "C:\Users\user\Desktop\AI RESUME ANALYSER\src\Backend\AIResumeAnalyzer.Infrastructure\bin\Debug\net8.0\AIResumeAnalyzer.Infrastructure.dll" to "bin\Debug\net8.0\AIResumeAnalyzer.Infrastructure.dll". Beginning retry 6 in 1000ms. The process cannot access the file 'C:\Users\user\Desktop\AI RESUME ANALYSER\src\Backend\AIResumeAnalyzer.Api\bin\Debug\net8.0\AIResumeAnalyzer.Infrastructure.dll' because it is being used by another process. The file is locked by: "AIResumeAnalyzer.Api (12752)" [C:\Users\user\Desktop\AI RESUME ANALYSER\src\Backend\AIResumeAnalyzer.Api\AIResumeAnalyzer.Api.csproj]
C:\Program Files\dotnet\sdk\9.0.101\Microsoft.Common.CurrentVersion.targets(5035,5): warning MSB3026: Could not copy "C:\Users\user\Desktop\AI RESUME ANALYSER\src\Backend\AIResumeAnalyzer.Application\bin\Debug\net8.0\AIResumeAnalyzer.Application.dll" to "bin\Debug\net8.0\AIResumeAnalyzer.Application.dll". Beginning retry 6 in 1000ms. The process cannot access the file 'C:\Users\user\Desktop\AI RESUME ANALYSER\src\Backend\AIResumeAnalyzer.Api\bin\Debug\net8.0\AIResumeAnalyzer.Application.dll' because it is being used by another process. The file is locked by: "AIResumeAnalyzer.Api (12752)" [C:\Users\user\Desktop\AI RESUME ANALYSER\src\Backend\AIResumeAnalyzer.Api\AIResumeAnalyzer.Api.csproj]
C:\Program Files\dotnet\sdk\9.0.101\Microsoft.Common.CurrentVersion.targets(5035,5): warning MSB3026: Could not copy "C:\Users\user\Desktop\AI RESUME ANALYSER\src\Backend\AIResumeAnalyzer.Application\bin\Debug\net8.0\AIResumeAnalyzer.Application.dll" to "bin\Debug\net8.0\AIResumeAnalyzer.Application.dll". Beginning retry 7 in 1000ms. The process cannot access the file 'C:\Users\user\Desktop\AI RESUME ANALYSER\src\Backend\AIResumeAnalyzer.Api\bin\Debug\net8.0\AIResumeAnalyzer.Application.dll' because it is being used by another process. The file is locked by: "AIResumeAnalyzer.Api (12752)" [C:\Users\user\Desktop\AI RESUME ANALYSER\src\Backend\AIResumeAnalyzer.Api\AIResumeAnalyzer.Api.csproj]
C:\Program Files\dotnet\sdk\9.0.101\Microsoft.Common.CurrentVersion.targets(5035,5): warning MSB3026: Could not copy "C:\Users\user\Desktop\AI RESUME ANALYSER\src\Backend\AIResumeAnalyzer.Infrastructure\bin\Debug\net8.0\AIResumeAnalyzer.Infrastructure.dll" to "bin\Debug\net8.0\AIResumeAnalyzer.Infrastructure.dll". Beginning retry 7 in 1000ms. The process cannot access the file 'C:\Users\user\Desktop\AI RESUME ANALYSER\src\Backend\AIResumeAnalyzer.Api\bin\Debug\net8.0\AIResumeAnalyzer.Infrastructure.dll' because it is being used by another process. The file is locked by: "AIResumeAnalyzer.Api (12752)" [C:\Users\user\Desktop\AI RESUME ANALYSER\src\Backend\AIResumeAnalyzer.Api\AIResumeAnalyzer.Api.csproj]
C:\Program Files\dotnet\sdk\9.0.101\Microsoft.Common.CurrentVersion.targets(5035,5): warning MSB3026: Could not copy "C:\Users\user\Desktop\AI RESUME ANALYSER\src\Backend\AIResumeAnalyzer.Application\bin\Debug\net8.0\AIResumeAnalyzer.Application.dll" to "bin\Debug\net8.0\AIResumeAnalyzer.Application.dll". Beginning retry 8 in 1000ms. The process cannot access the file 'C:\Users\user\Desktop\AI RESUME ANALYSER\src\Backend\AIResumeAnalyzer.Api\bin\Debug\net8.0\AIResumeAnalyzer.Application.dll' because it is being used by another process. The file is locked by: "AIResumeAnalyzer.Api (12752)" [C:\Users\user\Desktop\AI RESUME ANALYSER\src\Backend\AIResumeAnalyzer.Api\AIResumeAnalyzer.Api.csproj]
C:\Program Files\dotnet\sdk\9.0.101\Microsoft.Common.CurrentVersion.targets(5035,5): warning MSB3026: Could not copy "C:\Users\user\Desktop\AI RESUME ANALYSER\src\Backend\AIResumeAnalyzer.Infrastructure\bin\Debug\net8.0\AIResumeAnalyzer.Infrastructure.dll" to "bin\Debug\net8.0\AIResumeAnalyzer.Infrastructure.dll". Beginning retry 8 in 1000ms. The process cannot access the file 'C:\Users\user\Desktop\AI RESUME ANALYSER\src\Backend\AIResumeAnalyzer.Api\bin\Debug\net8.0\AIResumeAnalyzer.Infrastructure.dll' because it is being used by another process. The file is locked by: "AIResumeAnalyzer.Api (12752)" [C:\Users\user\Desktop\AI RESUME ANALYSER\src\Backend\AIResumeAnalyzer.Api\AIResumeAnalyzer.Api.csproj]
C:\Program Files\dotnet\sdk\9.0.101\Microsoft.Common.CurrentVersion.targets(5035,5): warning MSB3026: Could not copy "C:\Users\user\Desktop\AI RESUME ANALYSER\src\Backend\AIResumeAnalyzer.Infrastructure\bin\Debug\net8.0\AIResumeAnalyzer.Infrastructure.dll" to "bin\Debug\net8.0\AIResumeAnalyzer.Infrastructure.dll". Beginning retry 9 in 1000ms. The process cannot access the file 'C:\Users\user\Desktop\AI RESUME ANALYSER\src\Backend\AIResumeAnalyzer.Api\bin\Debug\net8.0\AIResumeAnalyzer.Infrastructure.dll' because it is being used by another process. The file is locked by: "AIResumeAnalyzer.Api (12752)" [C:\Users\user\Desktop\AI RESUME ANALYSER\src\Backend\AIResumeAnalyzer.Api\AIResumeAnalyzer.Api.csproj]
C:\Program Files\dotnet\sdk\9.0.101\Microsoft.Common.CurrentVersion.targets(5035,5): warning MSB3026: Could not copy "C:\Users\user\Desktop\AI RESUME ANALYSER\src\Backend\AIResumeAnalyzer.Application\bin\Debug\net8.0\AIResumeAnalyzer.Application.dll" to "bin\Debug\net8.0\AIResumeAnalyzer.Application.dll". Beginning retry 9 in 1000ms. The process cannot access the file 'C:\Users\user\Desktop\AI RESUME ANALYSER\src\Backend\AIResumeAnalyzer.Api\bin\Debug\net8.0\AIResumeAnalyzer.Application.dll' because it is being used by another process. The file is locked by: "AIResumeAnalyzer.Api (12752)" [C:\Users\user\Desktop\AI RESUME ANALYSER\src\Backend\AIResumeAnalyzer.Api\AIResumeAnalyzer.Api.csproj]
C:\Program Files\dotnet\sdk\9.0.101\Microsoft.Common.CurrentVersion.targets(5035,5): warning MSB3026: Could not copy "C:\Users\user\Desktop\AI RESUME ANALYSER\src\Backend\AIResumeAnalyzer.Application\bin\Debug\net8.0\AIResumeAnalyzer.Application.dll" to "bin\Debug\net8.0\AIResumeAnalyzer.Application.dll". Beginning retry 10 in 1000ms. The process cannot access the file 'C:\Users\user\Desktop\AI RESUME ANALYSER\src\Backend\AIResumeAnalyzer.Api\bin\Debug\net8.0\AIResumeAnalyzer.Application.dll' because it is being used by another process. The file is locked by: "AIResumeAnalyzer.Api (12752)" [C:\Users\user\Desktop\AI RESUME ANALYSER\src\Backend\AIResumeAnalyzer.Api\AIResumeAnalyzer.Api.csproj]
C:\Program Files\dotnet\sdk\9.0.101\Microsoft.Common.CurrentVersion.targets(5035,5): warning MSB3026: Could not copy "C:\Users\user\Desktop\AI RESUME ANALYSER\src\Backend\AIResumeAnalyzer.Infrastructure\bin\Debug\net8.0\AIResumeAnalyzer.Infrastructure.dll" to "bin\Debug\net8.0\AIResumeAnalyzer.Infrastructure.dll". Beginning retry 10 in 1000ms. The process cannot access the file 'C:\Users\user\Desktop\AI RESUME ANALYSER\src\Backend\AIResumeAnalyzer.Api\bin\Debug\net8.0\AIResumeAnalyzer.Infrastructure.dll' because it is being used by another process. The file is locked by: "AIResumeAnalyzer.Api (12752)" [C:\Users\user\Desktop\AI RESUME ANALYSER\src\Backend\AIResumeAnalyzer.Api\AIResumeAnalyzer.Api.csproj]
C:\Program Files\dotnet\sdk\9.0.101\Microsoft.Common.CurrentVersion.targets(5035,5): error MSB3027: Could not copy "C:\Users\user\Desktop\AI RESUME ANALYSER\src\Backend\AIResumeAnalyzer.Infrastructure\bin\Debug\net8.0\AIResumeAnalyzer.Infrastructure.dll" to "bin\Debug\net8.0\AIResumeAnalyzer.Infrastructure.dll". Exceeded retry count of 10. Failed. The file is locked by: "AIResumeAnalyzer.Api (12752)" [C:\Users\user\Desktop\AI RESUME ANALYSER\src\Backend\AIResumeAnalyzer.Api\AIResumeAnalyzer.Api.csproj]
C:\Program Files\dotnet\sdk\9.0.101\Microsoft.Common.CurrentVersion.targets(5035,5): error MSB3021: Unable to copy file "C:\Users\user\Desktop\AI RESUME ANALYSER\src\Backend\AIResumeAnalyzer.Infrastructure\bin\Debug\net8.0\AIResumeAnalyzer.Infrastructure.dll" to "bin\Debug\net8.0\AIResumeAnalyzer.Infrastructure.dll". The process cannot access the file 'C:\Users\user\Desktop\AI RESUME ANALYSER\src\Backend\AIResumeAnalyzer.Api\bin\Debug\net8.0\AIResumeAnalyzer.Infrastructure.dll' because it is being used by another process. [C:\Users\user\Desktop\AI RESUME ANALYSER\src\Backend\AIResumeAnalyzer.Api\AIResumeAnalyzer.Api.csproj]
C:\Program Files\dotnet\sdk\9.0.101\Microsoft.Common.CurrentVersion.targets(5035,5): error MSB3027: Could not copy "C:\Users\user\Desktop\AI RESUME ANALYSER\src\Backend\AIResumeAnalyzer.Application\bin\Debug\net8.0\AIResumeAnalyzer.Application.dll" to "bin\Debug\net8.0\AIResumeAnalyzer.Application.dll". Exceeded retry count of 10. Failed. The file is locked by: "AIResumeAnalyzer.Api (12752)" [C:\Users\user\Desktop\AI RESUME ANALYSER\src\Backend\AIResumeAnalyzer.Api\AIResumeAnalyzer.Api.csproj]
C:\Program Files\dotnet\sdk\9.0.101\Microsoft.Common.CurrentVersion.targets(5035,5): error MSB3021: Unable to copy file "C:\Users\user\Desktop\AI RESUME ANALYSER\src\Backend\AIResumeAnalyzer.Application\bin\Debug\net8.0\AIResumeAnalyzer.Application.dll" to "bin\Debug\net8.0\AIResumeAnalyzer.Application.dll". The process cannot access the file 'C:\Users\user\Desktop\AI RESUME ANALYSER\src\Backend\AIResumeAnalyzer.Api\bin\Debug\net8.0\AIResumeAnalyzer.Application.dll' because it is being used by another process. [C:\Users\user\Desktop\AI RESUME ANALYSER\src\Backend\AIResumeAnalyzer.Api\AIResumeAnalyzer.Api.csproj]

Build FAILED.

C:\Program Files\dotnet\sdk\9.0.101\Microsoft.Common.CurrentVersion.targets(5035,5): warning MSB3026: Could not copy "C:\Users\user\Desktop\AI RESUME ANALYSER\src\Backend\AIResumeAnalyzer.Infrastructure\bin\Debug\net8.0\AIResumeAnalyzer.Infrastructure.dll" to "bin\Debug\net8.0\AIResumeAnalyzer.Infrastructure.dll". Beginning retry 1 in 1000ms. The process cannot access the file 'C:\Users\user\Desktop\AI RESUME ANALYSER\src\Backend\AIResumeAnalyzer.Api\bin\Debug\net8.0\AIResumeAnalyzer.Infrastructure.dll' because it is being used by another process. The file is locked by: "AIResumeAnalyzer.Api (12752)" [C:\Users\user\Desktop\AI RESUME ANALYSER\src\Backend\AIResumeAnalyzer.Api\AIResumeAnalyzer.Api.csproj]
C:\Program Files\dotnet\sdk\9.0.101\Microsoft.Common.CurrentVersion.targets(5035,5): warning MSB3026: Could not copy "C:\Users\user\Desktop\AI RESUME ANALYSER\src\Backend\AIResumeAnalyzer.Application\bin\Debug\net8.0\AIResumeAnalyzer.Application.dll" to "bin\Debug\net8.0\AIResumeAnalyzer.Application.dll". Beginning retry 1 in 1000ms. The process cannot access the file 'C:\Users\user\Desktop\AI RESUME ANALYSER\src\Backend\AIResumeAnalyzer.Api\bin\Debug\net8.0\AIResumeAnalyzer.Application.dll' because it is being used by another process. The file is locked by: "AIResumeAnalyzer.Api (12752)" [C:\Users\user\Desktop\AI RESUME ANALYSER\src\Backend\AIResumeAnalyzer.Api\AIResumeAnalyzer.Api.csproj]
C:\Program Files\dotnet\sdk\9.0.101\Microsoft.Common.CurrentVersion.targets(5035,5): warning MSB3026: Could not copy "C:\Users\user\Desktop\AI RESUME ANALYSER\src\Backend\AIResumeAnalyzer.Application\bin\Debug\net8.0\AIResumeAnalyzer.Application.dll" to "bin\Debug\net8.0\AIResumeAnalyzer.Application.dll". Beginning retry 2 in 1000ms. The process cannot access the file 'C:\Users\user\Desktop\AI RESUME ANALYSER\src\Backend\AIResumeAnalyzer.Api\bin\Debug\net8.0\AIResumeAnalyzer.Application.dll' because it is being used by another process. The file is locked by: "AIResumeAnalyzer.Api (12752)" [C:\Users\user\Desktop\AI RESUME ANALYSER\src\Backend\AIResumeAnalyzer.Api\AIResumeAnalyzer.Api.csproj]
C:\Program Files\dotnet\sdk\9.0.101\Microsoft.Common.CurrentVersion.targets(5035,5): warning MSB3026: Could not copy "C:\Users\user\Desktop\AI RESUME ANALYSER\src\Backend\AIResumeAnalyzer.Infrastructure\bin\Debug\net8.0\AIResumeAnalyzer.Infrastructure.dll" to "bin\Debug\net8.0\AIResumeAnalyzer.Infrastructure.dll". Beginning retry 2 in 1000ms. The process cannot access the file 'C:\Users\user\Desktop\AI RESUME ANALYSER\src\Backend\AIResumeAnalyzer.Api\bin\Debug\net8.0\AIResumeAnalyzer.Infrastructure.dll' because it is being used by another process. The file is locked by: "AIResumeAnalyzer.Api (12752)" [C:\Users\user\Desktop\AI RESUME ANALYSER\src\Backend\AIResumeAnalyzer.Api\AIResumeAnalyzer.Api.csproj]
C:\Program Files\dotnet\sdk\9.0.101\Microsoft.Common.CurrentVersion.targets(5035,5): warning MSB3026: Could not copy "C:\Users\user\Desktop\AI RESUME ANALYSER\src\Backend\AIResumeAnalyzer.Infrastructure\bin\Debug\net8.0\AIResumeAnalyzer.Infrastructure.dll" to "bin\Debug\net8.0\AIResumeAnalyzer.Infrastructure.dll". Beginning retry 3 in 1000ms. The process cannot access the file 'C:\Users\user\Desktop\AI RESUME ANALYSER\src\Backend\AIResumeAnalyzer.Api\bin\Debug\net8.0\AIResumeAnalyzer.Infrastructure.dll' because it is being used by another process. The file is locked by: "AIResumeAnalyzer.Api (12752)" [C:\Users\user\Desktop\AI RESUME ANALYSER\src\Backend\AIResumeAnalyzer.Api\AIResumeAnalyzer.Api.csproj]
C:\Program Files\dotnet\sdk\9.0.101\Microsoft.Common.CurrentVersion.targets(5035,5): warning MSB3026: Could not copy "C:\Users\user\Desktop\AI RESUME ANALYSER\src\Backend\AIResumeAnalyzer.Application\bin\Debug\net8.0\AIResumeAnalyzer.Application.dll" to "bin\Debug\net8.0\AIResumeAnalyzer.Application.dll". Beginning retry 3 in 1000ms. The process cannot access the file 'C:\Users\user\Desktop\AI RESUME ANALYSER\src\Backend\AIResumeAnalyzer.Api\bin\Debug\net8.0\AIResumeAnalyzer.Application.dll' because it is being used by another process. The file is locked by: "AIResumeAnalyzer.Api (12752)" [C:\Users\user\Desktop\AI RESUME ANALYSER\src\Backend\AIResumeAnalyzer.Api\AIResumeAnalyzer.Api.csproj]
C:\Program Files\dotnet\sdk\9.0.101\Microsoft.Common.CurrentVersion.targets(5035,5): warning MSB3026: Could not copy "C:\Users\user\Desktop\AI RESUME ANALYSER\src\Backend\AIResumeAnalyzer.Application\bin\Debug\net8.0\AIResumeAnalyzer.Application.dll" to "bin\Debug\net8.0\AIResumeAnalyzer.Application.dll". Beginning retry 4 in 1000ms. The process cannot access the file 'C:\Users\user\Desktop\AI RESUME ANALYSER\src\Backend\AIResumeAnalyzer.Api\bin\Debug\net8.0\AIResumeAnalyzer.Application.dll' because it is being used by another process. The file is locked by: "AIResumeAnalyzer.Api (12752)" [C:\Users\user\Desktop\AI RESUME ANALYSER\src\Backend\AIResumeAnalyzer.Api\AIResumeAnalyzer.Api.csproj]
C:\Program Files\dotnet\sdk\9.0.101\Microsoft.Common.CurrentVersion.targets(5035,5): warning MSB3026: Could not copy "C:\Users\user\Desktop\AI RESUME ANALYSER\src\Backend\AIResumeAnalyzer.Infrastructure\bin\Debug\net8.0\AIResumeAnalyzer.Infrastructure.dll" to "bin\Debug\net8.0\AIResumeAnalyzer.Infrastructure.dll". Beginning retry 4 in 1000ms. The process cannot access the file 'C:\Users\user\Desktop\AI RESUME ANALYSER\src\Backend\AIResumeAnalyzer.Api\bin\Debug\net8.0\AIResumeAnalyzer.Infrastructure.dll' because it is being used by another process. The file is locked by: "AIResumeAnalyzer.Api (12752)" [C:\Users\user\Desktop\AI RESUME ANALYSER\src\Backend\AIResumeAnalyzer.Api\AIResumeAnalyzer.Api.csproj]
C:\Program Files\dotnet\sdk\9.0.101\Microsoft.Common.CurrentVersion.targets(5035,5): warning MSB3026: Could not copy "C:\Users\user\Desktop\AI RESUME ANALYSER\src\Backend\AIResumeAnalyzer.Application\bin\Debug\net8.0\AIResumeAnalyzer.Application.dll" to "bin\Debug\net8.0\AIResumeAnalyzer.Application.dll". Beginning retry 5 in 1000ms. The process cannot access the file 'C:\Users\user\Desktop\AI RESUME ANALYSER\src\Backend\AIResumeAnalyzer.Api\bin\Debug\net8.0\AIResumeAnalyzer.Application.dll' because it is being used by another process. The file is locked by: "AIResumeAnalyzer.Api (12752)" [C:\Users\user\Desktop\AI RESUME ANALYSER\src\Backend\AIResumeAnalyzer.Api\AIResumeAnalyzer.Api.csproj]
C:\Program Files\dotnet\sdk\9.0.101\Microsoft.Common.CurrentVersion.targets(5035,5): warning MSB3026: Could not copy "C:\Users\user\Desktop\AI RESUME ANALYSER\src\Backend\AIResumeAnalyzer.Infrastructure\bin\Debug\net8.0\AIResumeAnalyzer.Infrastructure.dll" to "bin\Debug\net8.0\AIResumeAnalyzer.Infrastructure.dll". Beginning retry 5 in 1000ms. The process cannot access the file 'C:\Users\user\Desktop\AI RESUME ANALYSER\src\Backend\AIResumeAnalyzer.Api\bin\Debug\net8.0\AIResumeAnalyzer.Infrastructure.dll' because it is being used by another process. The file is locked by: "AIResumeAnalyzer.Api (12752)" [C:\Users\user\Desktop\AI RESUME ANALYSER\src\Backend\AIResumeAnalyzer.Api\AIResumeAnalyzer.Api.csproj]
C:\Program Files\dotnet\sdk\9.0.101\Microsoft.Common.CurrentVersion.targets(5035,5): warning MSB3026: Could not copy "C:\Users\user\Desktop\AI RESUME ANALYSER\src\Backend\AIResumeAnalyzer.Infrastructure\bin\Debug\net8.0\AIResumeAnalyzer.Infrastructure.dll" to "bin\Debug\net8.0\AIResumeAnalyzer.Infrastructure.dll". Beginning retry 6 in 1000ms. The process cannot access the file 'C:\Users\user\Desktop\AI RESUME ANALYSER\src\Backend\AIResumeAnalyzer.Api\bin\Debug\net8.0\AIResumeAnalyzer.Infrastructure.dll' because it is being used by another process. The file is locked by: "AIResumeAnalyzer.Api (12752)" [C:\Users\user\Desktop\AI RESUME ANALYSER\src\Backend\AIResumeAnalyzer.Api\AIResumeAnalyzer.Api.csproj]
C:\Program Files\dotnet\sdk\9.0.101\Microsoft.Common.CurrentVersion.targets(5035,5): warning MSB3026: Could not copy "C:\Users\user\Desktop\AI RESUME ANALYSER\src\Backend\AIResumeAnalyzer.Application\bin\Debug\net8.0\AIResumeAnalyzer.Application.dll" to "bin\Debug\net8.0\AIResumeAnalyzer.Application.dll". Beginning retry 6 in 1000ms. The process cannot access the file 'C:\Users\user\Desktop\AI RESUME ANALYSER\src\Backend\AIResumeAnalyzer.Api\bin\Debug\net8.0\AIResumeAnalyzer.Application.dll' because it is being used by another process. The file is locked by: "AIResumeAnalyzer.Api (12752)" [C:\Users\user\Desktop\AI RESUME ANALYSER\src\Backend\AIResumeAnalyzer.Api\AIResumeAnalyzer.Api.csproj]
C:\Program Files\dotnet\sdk\9.0.101\Microsoft.Common.CurrentVersion.targets(5035,5): warning MSB3026: Could not copy "C:\Users\user\Desktop\AI RESUME ANALYSER\src\Backend\AIResumeAnalyzer.Application\bin\Debug\net8.0\AIResumeAnalyzer.Application.dll" to "bin\Debug\net8.0\AIResumeAnalyzer.Application.dll". Beginning retry 7 in 1000ms. The process cannot access the file 'C:\Users\user\Desktop\AI RESUME ANALYSER\src\Backend\AIResumeAnalyzer.Api\bin\Debug\net8.0\AIResumeAnalyzer.Application.dll' because it is being used by another process. The file is locked by: "AIResumeAnalyzer.Api (12752)" [C:\Users\user\Desktop\AI RESUME ANALYSER\src\Backend\AIResumeAnalyzer.Api\AIResumeAnalyzer.Api.csproj]
C:\Program Files\dotnet\sdk\9.0.101\Microsoft.Common.CurrentVersion.targets(5035,5): warning MSB3026: Could not copy "C:\Users\user\Desktop\AI RESUME ANALYSER\src\Backend\AIResumeAnalyzer.Infrastructure\bin\Debug\net8.0\AIResumeAnalyzer.Infrastructure.dll" to "bin\Debug\net8.0\AIResumeAnalyzer.Infrastructure.dll". Beginning retry 7 in 1000ms. The process cannot access the file 'C:\Users\user\Desktop\AI RESUME ANALYSER\src\Backend\AIResumeAnalyzer.Api\bin\Debug\net8.0\AIResumeAnalyzer.Infrastructure.dll' because it is being used by another process. The file is locked by: "AIResumeAnalyzer.Api (12752)" [C:\Users\user\Desktop\AI RESUME ANALYSER\src\Backend\AIResumeAnalyzer.Api\AIResumeAnalyzer.Api.csproj]
C:\Program Files\dotnet\sdk\9.0.101\Microsoft.Common.CurrentVersion.targets(5035,5): warning MSB3026: Could not copy "C:\Users\user\Desktop\AI RESUME ANALYSER\src\Backend\AIResumeAnalyzer.Application\bin\Debug\net8.0\AIResumeAnalyzer.Application.dll" to "bin\Debug\net8.0\AIResumeAnalyzer.Application.dll". Beginning retry 8 in 1000ms. The process cannot access the file 'C:\Users\user\Desktop\AI RESUME ANALYSER\src\Backend\AIResumeAnalyzer.Api\bin\Debug\net8.0\AIResumeAnalyzer.Application.dll' because it is being used by another process. The file is locked by: "AIResumeAnalyzer.Api (12752)" [C:\Users\user\Desktop\AI RESUME ANALYSER\src\Backend\AIResumeAnalyzer.Api\AIResumeAnalyzer.Api.csproj]
C:\Program Files\dotnet\sdk\9.0.101\Microsoft.Common.CurrentVersion.targets(5035,5): warning MSB3026: Could not copy "C:\Users\user\Desktop\AI RESUME ANALYSER\src\Backend\AIResumeAnalyzer.Infrastructure\bin\Debug\net8.0\AIResumeAnalyzer.Infrastructure.dll" to "bin\Debug\net8.0\AIResumeAnalyzer.Infrastructure.dll". Beginning retry 8 in 1000ms. The process cannot access the file 'C:\Users\user\Desktop\AI RESUME ANALYSER\src\Backend\AIResumeAnalyzer.Api\bin\Debug\net8.0\AIResumeAnalyzer.Infrastructure.dll' because it is being used by another process. The file is locked by: "AIResumeAnalyzer.Api (12752)" [C:\Users\user\Desktop\AI RESUME ANALYSER\src\Backend\AIResumeAnalyzer.Api\AIResumeAnalyzer.Api.csproj]
C:\Program Files\dotnet\sdk\9.0.101\Microsoft.Common.CurrentVersion.targets(5035,5): warning MSB3026: Could not copy "C:\Users\user\Desktop\AI RESUME ANALYSER\src\Backend\AIResumeAnalyzer.Infrastructure\bin\Debug\net8.0\AIResumeAnalyzer.Infrastructure.dll" to "bin\Debug\net8.0\AIResumeAnalyzer.Infrastructure.dll". Beginning retry 9 in 1000ms. The process cannot access the file 'C:\Users\user\Desktop\AI RESUME ANALYSER\src\Backend\AIResumeAnalyzer.Api\bin\Debug\net8.0\AIResumeAnalyzer.Infrastructure.dll' because it is being used by another process. The file is locked by: "AIResumeAnalyzer.Api (12752)" [C:\Users\user\Desktop\AI RESUME ANALYSER\src\Backend\AIResumeAnalyzer.Api\AIResumeAnalyzer.Api.csproj]
C:\Program Files\dotnet\sdk\9.0.101\Microsoft.Common.CurrentVersion.targets(5035,5): warning MSB3026: Could not copy "C:\Users\user\Desktop\AI RESUME ANALYSER\src\Backend\AIResumeAnalyzer.Application\bin\Debug\net8.0\AIResumeAnalyzer.Application.dll" to "bin\Debug\net8.0\AIResumeAnalyzer.Application.dll". Beginning retry 9 in 1000ms. The process cannot access the file 'C:\Users\user\Desktop\AI RESUME ANALYSER\src\Backend\AIResumeAnalyzer.Api\bin\Debug\net8.0\AIResumeAnalyzer.Application.dll' because it is being used by another process. The file is locked by: "AIResumeAnalyzer.Api (12752)" [C:\Users\user\Desktop\AI RESUME ANALYSER\src\Backend\AIResumeAnalyzer.Api\AIResumeAnalyzer.Api.csproj]
C:\Program Files\dotnet\sdk\9.0.101\Microsoft.Common.CurrentVersion.targets(5035,5): warning MSB3026: Could not copy "C:\Users\user\Desktop\AI RESUME ANALYSER\src\Backend\AIResumeAnalyzer.Application\bin\Debug\net8.0\AIResumeAnalyzer.Application.dll" to "bin\Debug\net8.0\AIResumeAnalyzer.Application.dll". Beginning retry 10 in 1000ms. The process cannot access the file 'C:\Users\user\Desktop\AI RESUME ANALYSER\src\Backend\AIResumeAnalyzer.Api\bin\Debug\net8.0\AIResumeAnalyzer.Application.dll' because it is being used by another process. The file is locked by: "AIResumeAnalyzer.Api (12752)" [C:\Users\user\Desktop\AI RESUME ANALYSER\src\Backend\AIResumeAnalyzer.Api\AIResumeAnalyzer.Api.csproj]
C:\Program Files\dotnet\sdk\9.0.101\Microsoft.Common.CurrentVersion.targets(5035,5): warning MSB3026: Could not copy "C:\Users\user\Desktop\AI RESUME ANALYSER\src\Backend\AIResumeAnalyzer.Infrastructure\bin\Debug\net8.0\AIResumeAnalyzer.Infrastructure.dll" to "bin\Debug\net8.0\AIResumeAnalyzer.Infrastructure.dll". Beginning retry 10 in 1000ms. The process cannot access the file 'C:\Users\user\Desktop\AI RESUME ANALYSER\src\Backend\AIResumeAnalyzer.Api\bin\Debug\net8.0\AIResumeAnalyzer.Infrastructure.dll' because it is being used by another process. The file is locked by: "AIResumeAnalyzer.Api (12752)" [C:\Users\user\Desktop\AI RESUME ANALYSER\src\Backend\AIResumeAnalyzer.Api\AIResumeAnalyzer.Api.csproj]
C:\Program Files\dotnet\sdk\9.0.101\Microsoft.Common.CurrentVersion.targets(5035,5): error MSB3027: Could not copy "C:\Users\user\Desktop\AI RESUME ANALYSER\src\Backend\AIResumeAnalyzer.Infrastructure\bin\Debug\net8.0\AIResumeAnalyzer.Infrastructure.dll" to "bin\Debug\net8.0\AIResumeAnalyzer.Infrastructure.dll". Exceeded retry count of 10. Failed. The file is locked by: "AIResumeAnalyzer.Api (12752)" [C:\Users\user\Desktop\AI RESUME ANALYSER\src\Backend\AIResumeAnalyzer.Api\AIResumeAnalyzer.Api.csproj]
C:\Program Files\dotnet\sdk\9.0.101\Microsoft.Common.CurrentVersion.targets(5035,5): error MSB3021: Unable to copy file "C:\Users\user\Desktop\AI RESUME ANALYSER\src\Backend\AIResumeAnalyzer.Infrastructure\bin\Debug\net8.0\AIResumeAnalyzer.Infrastructure.dll" to "bin\Debug\net8.0\AIResumeAnalyzer.Infrastructure.dll". The process cannot access the file 'C:\Users\user\Desktop\AI RESUME ANALYSER\src\Backend\AIResumeAnalyzer.Api\bin\Debug\net8.0\AIResumeAnalyzer.Infrastructure.dll' because it is being used by another process. [C:\Users\user\Desktop\AI RESUME ANALYSER\src\Backend\AIResumeAnalyzer.Api\AIResumeAnalyzer.Api.csproj]
C:\Program Files\dotnet\sdk\9.0.101\Microsoft.Common.CurrentVersion.targets(5035,5): error MSB3027: Could not copy "C:\Users\user\Desktop\AI RESUME ANALYSER\src\Backend\AIResumeAnalyzer.Application\bin\Debug\net8.0\AIResumeAnalyzer.Application.dll" to "bin\Debug\net8.0\AIResumeAnalyzer.Application.dll". Exceeded retry count of 10. Failed. The file is locked by: "AIResumeAnalyzer.Api (12752)" [C:\Users\user\Desktop\AI RESUME ANALYSER\src\Backend\AIResumeAnalyzer.Api\AIResumeAnalyzer.Api.csproj]
C:\Program Files\dotnet\sdk\9.0.101\Microsoft.Common.CurrentVersion.targets(5035,5): error MSB3021: Unable to copy file "C:\Users\user\Desktop\AI RESUME ANALYSER\src\Backend\AIResumeAnalyzer.Application\bin\Debug\net8.0\AIResumeAnalyzer.Application.dll" to "bin\Debug\net8.0\AIResumeAnalyzer.Application.dll". The process cannot access the file 'C:\Users\user\Desktop\AI RESUME ANALYSER\src\Backend\AIResumeAnalyzer.Api\bin\Debug\net8.0\AIResumeAnalyzer.Application.dll' because it is being used by another process. [C:\Users\user\Desktop\AI RESUME ANALYSER\src\Backend\AIResumeAnalyzer.Api\AIResumeAnalyzer.Api.csproj]
    20 Warning(s)
    4 Error(s)

Time Elapsed 00:00:12.37
